aaaaaaaaaaaaaaaaaaaaaaaaaaaaaaaaaaaaaaaaaaa
aaaaaaaaaaaaaaaaaaaaaaaaaaaaaaaaaaaaaaaaaaa
aaaaaaaaaaaaaaaaaaaaaaaaaaaaaaaaaaaaaaaaaaa
aaaaaaaaaaaaaaaaaaaaaaaaaaaaaaaaaaaaaaaaaaa
aaaaaaaaaaaaaaaaaaaaaaaaaaaaaaaaaaaaaaaaaaa
aaaaaaaaaaaaaaaaaaaaaaaaaaaaaaaaaaaaaaaaaaa
aaaaaaaaaaaaaaaaaaaaaaaaaaaaaaaaaaaaaaaaaaa
aaaaaaaaaaaaaaaaaaaaaaaaaaaaaaaaaaaaaaaaaaa
aaaaaaaaaaaaaaaaaaaaaaaaaaaaaaaaaaaaaaaaaaa
aaaaaaaaawwwwwwwwwwwwaaaaaaaaaaaaaaaaaaaaaaaa
aaaaaaaaawaaaaaaaaaawaaaaaaaaaaaaaaaaaaaaaaaa
aaaaaaaaawaaaaaaaaaawaaaaaaaaaaaaaaaaaaaaaaaa
aaaaaaaaawaaaaaaaaaawaaaaaaaaaaaaaaaaaaaaaaaa
aaaaaaaaawaaawwwwaaawaaaaaaaaaaaaaaaaaaaaaaaa
aaaaaaaaawaaaaaawaaawaaaaaaaaaaaaaaaaaaaaaaaa
aaaaaaaaawaaaaaawaaawaaaaaaaaaaaaaaaaaaaaaaaa
aaaaaaaaawaaaaaaaaaawaaaaaaaaaaaaaaaaaaaaaaaa
aaaaaaaaawwwwaaaaaaawaaaaaaaaaaaaaaaaaaaaaaaa
aaaaaaaaaaaawaaaaaaawaaaaaaaaaaaaaaaaaaaaaaaa
aaaaaaaaaaaawwwwwwwwwaaaaaaaaaaaaaaaaaaaaaa
aaaaaaaaaaaaaaaaaaaaaaaaaaaaaaaaaaaaaaaaaaa
aaaaaaaaaaaaaaaaaaaaaaaaaaaaaaaaaaaaaaaaaaa
aaaaaaaaaaaaaaaaaaaaaaaaaaaaaaaaaaaaaaaaaaa
aaaaaaaaaaaaaaaaaaaaaaaaaaaaaaaaaaaaaaaaaaa
aaaaaaaaaaaaaaaaaaaaaaaaaaaaaaaaaaaaaaaaaaa
aaaaaaaaaaaaaaaaaaaaaaaaaaaaaaaaaaaaaaaaaaa
aaaaaaaaaaaaaaaaaaaaaaaaaaaaaaaaaaaaaaaaaaa
aaaaaaaaaaaaaaaaaaaaaaaaaaaaaaaaaaaaaaaaaaa
aaaaaaaaaaaaaaaaaaaaaaaaaaaaaaaaaaaaaaaaaaa
aaaaaaaaaaaaaaaaaaaaaaaaaaaaaaaaaaaaaaaaaaa