ooooooooooooooooooooooooooooooooooooooooooo
ooooooooooooooooooooooooooooooooooooooooooo
ooooooooooooooooooooooooooooooooooooooooooo
ooooooooooooooooooooooooooooooooooooooooooo
ooooooooooooooooooooooooooooooooooooooooooo
ooooooooooooooooooooooooooooooooooooooooooo
ooooooooooooooooooooooooooooooooooooooooooo
ooooooooooooooooooooooooooooooooooooooooooo
ooooooooooooooooooooooooooooooooooooooooooo
ooooooooowwwwwwwwwwwwoooooooooooooooooooooooo
ooooooooowaaaaaaaaaawoooooooooooooooooooooooo
ooooooooowaaaaaaaaaawoooooooooooooooooooooooo
ooooooooowaaaaaaaaaawoooooooooooooooooooooooo
ooooooooowaaawwwwaaawoooooooooooooooooooooooo
ooooooooowaaaaaawaaawoooooooooooooooooooooooo
ooooooooowaaaaaawaaawoooooooooooooooooooooooo
ooooooooowaaaaaaaaaawoooooooooooooooooooooooo
ooooooooowwwwaaaaaaawoooooooooooooooooooooooo
oooooooooowaaaaaaawowoooooooooooooooooooooo
oooooooooowwwwwwwwwwwoooooooooooooooooooooo
ooooooooooooooooooooooooooooooooooooooooooo
ooooooooooooooooooooooooooooooooooooooooooo
ooooooooooooooooooooooooooooooooooooooooooo
ooooooooooooooooooooooooooooooooooooooooooo
ooooooooooooooooooooooooooooooooooooooooooo
ooooooooooooooooooooooooooooooooooooooooooo
ooooooooooooooooooooooooooooooooooooooooooo
ooooooooooooooooooooooooooooooooooooooooooo
ooooooooooooooooooooooooooooooooooooooooooo
ooooooooooooooooooooooooooooooooooooooooooo